DESKTOP_REPO 1773497056244 startListening
DESKTOP_BLE 1773497056724 windows backend started, serviceName='HeartRateMonitor', fixedMac=4D:02:A8:5E:1C:EF
DESKTOP_BLE 1773497057388 read success: mac=4D:02:A8:5E:1C:EF bpm=115
DESKTOP_REPO 1773497057395 emit bpm=115 device=ble:4D:02:A8:5E:1C:EF ts=1773497057389
DESKTOP_BLE 1773497059038 read success: mac=4D:02:A8:5E:1C:EF bpm=115
DESKTOP_REPO 1773497059039 emit bpm=115 device=ble:4D:02:A8:5E:1C:EF ts=1773497059038
DESKTOP_BLE 1773497060814 read success: mac=4D:02:A8:5E:1C:EF bpm=115
DESKTOP_REPO 1773497060815 emit bpm=115 device=ble:4D:02:A8:5E:1C:EF ts=1773497060815
DESKTOP_REPO 1773497061367 transport mode -> WS_ONLY
DESKTOP_REPO 1773497062402 transport mode -> BLE_ONLY
DESKTOP_BLE 1773497062893 windows backend started, serviceName='HeartRateMonitor', fixedMac=4D:02:A8:5E:1C:EF
DESKTOP_BLE 1773497063172 windows backend started, serviceName='HeartRateMonitor', fixedMac=4D:02:A8:5E:1C:EF
DESKTOP_BLE 1773497063844 read success: mac=4D:02:A8:5E:1C:EF bpm=115
DESKTOP_REPO 1773497063845 emit bpm=115 device=ble:4D:02:A8:5E:1C:EF ts=1773497063845
DESKTOP_BLE 1773497065068 windows backend started, serviceName='HeartRateMonitor', fixedMac=4D:02:A8:5E:1C:EF
DESKTOP_BLE 1773497065729 read success: mac=4D:02:A8:5E:1C:EF bpm=115
DESKTOP_REPO 1773497065730 emit bpm=115 device=ble:4D:02:A8:5E:1C:EF ts=1773497065730
DESKTOP_BLE 1773497067378 read success: mac=4D:02:A8:5E:1C:EF bpm=115
DESKTOP_REPO 1773497067379 emit bpm=115 device=ble:4D:02:A8:5E:1C:EF ts=1773497067379
DESKTOP_BLE 1773497069033 read success: mac=4D:02:A8:5E:1C:EF bpm=115
DESKTOP_REPO 1773497069034 emit bpm=115 device=ble:4D:02:A8:5E:1C:EF ts=1773497069034
DESKTOP_BLE 1773497070679 read success: mac=4D:02:A8:5E:1C:EF bpm=115
DESKTOP_REPO 1773497070680 emit bpm=115 device=ble:4D:02:A8:5E:1C:EF ts=1773497070680
DESKTOP_BLE 1773497072300 read success: mac=4D:02:A8:5E:1C:EF bpm=115
DESKTOP_REPO 1773497072301 emit bpm=115 device=ble:4D:02:A8:5E:1C:EF ts=1773497072301
DESKTOP_BLE 1773497073949 read success: mac=4D:02:A8:5E:1C:EF bpm=115
DESKTOP_REPO 1773497073950 emit bpm=115 device=ble:4D:02:A8:5E:1C:EF ts=1773497073950
DESKTOP_BLE 1773497075597 read success: mac=4D:02:A8:5E:1C:EF bpm=115
DESKTOP_REPO 1773497075598 emit bpm=115 device=ble:4D:02:A8:5E:1C:EF ts=1773497075598
DESKTOP_BLE 1773497077248 read success: mac=4D:02:A8:5E:1C:EF bpm=115
DESKTOP_REPO 1773497077249 emit bpm=115 device=ble:4D:02:A8:5E:1C:EF ts=1773497077249
DESKTOP_BLE 1773497078897 read success: mac=4D:02:A8:5E:1C:EF bpm=115
DESKTOP_REPO 1773497078897 emit bpm=115 device=ble:4D:02:A8:5E:1C:EF ts=1773497078897
DESKTOP_BLE 1773497080551 read success: mac=4D:02:A8:5E:1C:EF bpm=115
DESKTOP_REPO 1773497080553 emit bpm=115 device=ble:4D:02:A8:5E:1C:EF ts=1773497080553
DESKTOP_BLE 1773497082204 read success: mac=4D:02:A8:5E:1C:EF bpm=115
DESKTOP_REPO 1773497082205 emit bpm=115 device=ble:4D:02:A8:5E:1C:EF ts=1773497082205
DESKTOP_BLE 1773497083825 read success: mac=4D:02:A8:5E:1C:EF bpm=115
DESKTOP_REPO 1773497083825 emit bpm=115 device=ble:4D:02:A8:5E:1C:EF ts=1773497083825
DESKTOP_BLE 1773497085500 read success: mac=4D:02:A8:5E:1C:EF bpm=115
DESKTOP_REPO 1773497085501 emit bpm=115 device=ble:4D:02:A8:5E:1C:EF ts=1773497085500
DESKTOP_BLE 1773497087182 read success: mac=4D:02:A8:5E:1C:EF bpm=115
DESKTOP_REPO 1773497087183 emit bpm=115 device=ble:4D:02:A8:5E:1C:EF ts=1773497087183
DESKTOP_BLE 1773497088827 read success: mac=4D:02:A8:5E:1C:EF bpm=115
DESKTOP_REPO 1773497088827 emit bpm=115 device=ble:4D:02:A8:5E:1C:EF ts=1773497088827
DESKTOP_BLE 1773497090479 read success: mac=4D:02:A8:5E:1C:EF bpm=115
DESKTOP_REPO 1773497090480 emit bpm=115 device=ble:4D:02:A8:5E:1C:EF ts=1773497090480
DESKTOP_BLE 1773497092127 read success: mac=4D:02:A8:5E:1C:EF bpm=115
DESKTOP_REPO 1773497092128 emit bpm=115 device=ble:4D:02:A8:5E:1C:EF ts=1773497092128
DESKTOP_BLE 1773497093778 read success: mac=4D:02:A8:5E:1C:EF bpm=115
DESKTOP_REPO 1773497093779 emit bpm=115 device=ble:4D:02:A8:5E:1C:EF ts=1773497093779
DESKTOP_BLE 1773497095430 read success: mac=4D:02:A8:5E:1C:EF bpm=115
DESKTOP_REPO 1773497095431 emit bpm=115 device=ble:4D:02:A8:5E:1C:EF ts=1773497095431
DESKTOP_BLE 1773497097081 read success: mac=4D:02:A8:5E:1C:EF bpm=115
DESKTOP_REPO 1773497097082 emit bpm=115 device=ble:4D:02:A8:5E:1C:EF ts=1773497097082
DESKTOP_BLE 1773497098732 read success: mac=4D:02:A8:5E:1C:EF bpm=115
DESKTOP_REPO 1773497098733 emit bpm=115 device=ble:4D:02:A8:5E:1C:EF ts=1773497098733
DESKTOP_BLE 1773497100378 read success: mac=4D:02:A8:5E:1C:EF bpm=115
DESKTOP_REPO 1773497100379 emit bpm=115 device=ble:4D:02:A8:5E:1C:EF ts=1773497100379
DESKTOP_BLE 1773497102057 read success: mac=4D:02:A8:5E:1C:EF bpm=115
DESKTOP_REPO 1773497102058 emit bpm=115 device=ble:4D:02:A8:5E:1C:EF ts=1773497102057
DESKTOP_BLE 1773497103712 read success: mac=4D:02:A8:5E:1C:EF bpm=115
DESKTOP_REPO 1773497103713 emit bpm=115 device=ble:4D:02:A8:5E:1C:EF ts=1773497103713
DESKTOP_BLE 1773497105357 read success: mac=4D:02:A8:5E:1C:EF bpm=86
DESKTOP_REPO 1773497105357 emit bpm=86 device=ble:4D:02:A8:5E:1C:EF ts=1773497105357
DESKTOP_BLE 1773497107041 read success: mac=4D:02:A8:5E:1C:EF bpm=86
DESKTOP_REPO 1773497107042 emit bpm=86 device=ble:4D:02:A8:5E:1C:EF ts=1773497107042
DESKTOP_BLE 1773497108695 read success: mac=4D:02:A8:5E:1C:EF bpm=86
DESKTOP_REPO 1773497108696 emit bpm=86 device=ble:4D:02:A8:5E:1C:EF ts=1773497108695
DESKTOP_BLE 1773497110308 read success: mac=4D:02:A8:5E:1C:EF bpm=86
DESKTOP_REPO 1773497110309 emit bpm=86 device=ble:4D:02:A8:5E:1C:EF ts=1773497110309
DESKTOP_BLE 1773497111962 read success: mac=4D:02:A8:5E:1C:EF bpm=86
DESKTOP_REPO 1773497111962 emit bpm=86 device=ble:4D:02:A8:5E:1C:EF ts=1773497111962
DESKTOP_BLE 1773497113641 read success: mac=4D:02:A8:5E:1C:EF bpm=86
DESKTOP_REPO 1773497113642 emit bpm=86 device=ble:4D:02:A8:5E:1C:EF ts=1773497113642
DESKTOP_BLE 1773497115381 read success: mac=4D:02:A8:5E:1C:EF bpm=86
DESKTOP_REPO 1773497115383 emit bpm=86 device=ble:4D:02:A8:5E:1C:EF ts=1773497115383
DESKTOP_BLE 1773497117061 read success: mac=4D:02:A8:5E:1C:EF bpm=86
DESKTOP_REPO 1773497117063 emit bpm=86 device=ble:4D:02:A8:5E:1C:EF ts=1773497117063
DESKTOP_BLE 1773497118709 read success: mac=4D:02:A8:5E:1C:EF bpm=86
DESKTOP_REPO 1773497118710 emit bpm=86 device=ble:4D:02:A8:5E:1C:EF ts=1773497118710
DESKTOP_BLE 1773497120329 read success: mac=4D:02:A8:5E:1C:EF bpm=86
DESKTOP_REPO 1773497120329 emit bpm=86 device=ble:4D:02:A8:5E:1C:EF ts=1773497120329
DESKTOP_BLE 1773497122010 read success: mac=4D:02:A8:5E:1C:EF bpm=86
DESKTOP_REPO 1773497122011 emit bpm=86 device=ble:4D:02:A8:5E:1C:EF ts=1773497122011
DESKTOP_BLE 1773497123671 read success: mac=4D:02:A8:5E:1C:EF bpm=86
DESKTOP_REPO 1773497123672 emit bpm=86 device=ble:4D:02:A8:5E:1C:EF ts=1773497123672
DESKTOP_BLE 1773497125399 read success: mac=4D:02:A8:5E:1C:EF bpm=86
DESKTOP_REPO 1773497125399 emit bpm=86 device=ble:4D:02:A8:5E:1C:EF ts=1773497125399
DESKTOP_BLE 1773497127049 read success: mac=4D:02:A8:5E:1C:EF bpm=86
DESKTOP_REPO 1773497127050 emit bpm=86 device=ble:4D:02:A8:5E:1C:EF ts=1773497127050
DESKTOP_BLE 1773497128735 read success: mac=4D:02:A8:5E:1C:EF bpm=86
DESKTOP_REPO 1773497128735 emit bpm=86 device=ble:4D:02:A8:5E:1C:EF ts=1773497128735
DESKTOP_BLE 1773497130385 read success: mac=4D:02:A8:5E:1C:EF bpm=86
DESKTOP_REPO 1773497130386 emit bpm=86 device=ble:4D:02:A8:5E:1C:EF ts=1773497130386
DESKTOP_BLE 1773497132029 read success: mac=4D:02:A8:5E:1C:EF bpm=86
DESKTOP_REPO 1773497132029 emit bpm=86 device=ble:4D:02:A8:5E:1C:EF ts=1773497132029
DESKTOP_BLE 1773497133680 read success: mac=4D:02:A8:5E:1C:EF bpm=86
DESKTOP_REPO 1773497133680 emit bpm=86 device=ble:4D:02:A8:5E:1C:EF ts=1773497133680
DESKTOP_BLE 1773497135331 read success: mac=4D:02:A8:5E:1C:EF bpm=86
DESKTOP_REPO 1773497135332 emit bpm=86 device=ble:4D:02:A8:5E:1C:EF ts=1773497135331
DESKTOP_BLE 1773497136988 read success: mac=4D:02:A8:5E:1C:EF bpm=86
DESKTOP_REPO 1773497136988 emit bpm=86 device=ble:4D:02:A8:5E:1C:EF ts=1773497136988
DESKTOP_BLE 1773497138660 read success: mac=4D:02:A8:5E:1C:EF bpm=86
DESKTOP_REPO 1773497138661 emit bpm=86 device=ble:4D:02:A8:5E:1C:EF ts=1773497138661
DESKTOP_BLE 1773497140313 read success: mac=4D:02:A8:5E:1C:EF bpm=86
DESKTOP_REPO 1773497140314 emit bpm=86 device=ble:4D:02:A8:5E:1C:EF ts=1773497140314
DESKTOP_BLE 1773497141992 read success: mac=4D:02:A8:5E:1C:EF bpm=86
DESKTOP_REPO 1773497141992 emit bpm=86 device=ble:4D:02:A8:5E:1C:EF ts=1773497141992
DESKTOP_BLE 1773497143637 read success: mac=4D:02:A8:5E:1C:EF bpm=102
DESKTOP_REPO 1773497143638 emit bpm=102 device=ble:4D:02:A8:5E:1C:EF ts=1773497143638
DESKTOP_BLE 1773497145322 read success: mac=4D:02:A8:5E:1C:EF bpm=102
DESKTOP_REPO 1773497145323 emit bpm=102 device=ble:4D:02:A8:5E:1C:EF ts=1773497145323
DESKTOP_BLE 1773497146999 read success: mac=4D:02:A8:5E:1C:EF bpm=102
DESKTOP_REPO 1773497147000 emit bpm=102 device=ble:4D:02:A8:5E:1C:EF ts=1773497147000
DESKTOP_BLE 1773497148650 read success: mac=4D:02:A8:5E:1C:EF bpm=102
DESKTOP_REPO 1773497148651 emit bpm=102 device=ble:4D:02:A8:5E:1C:EF ts=1773497148650
DESKTOP_BLE 1773497150299 read success: mac=4D:02:A8:5E:1C:EF bpm=102
DESKTOP_REPO 1773497150300 emit bpm=102 device=ble:4D:02:A8:5E:1C:EF ts=1773497150300
DESKTOP_BLE 1773497151984 read success: mac=4D:02:A8:5E:1C:EF bpm=102
DESKTOP_REPO 1773497151985 emit bpm=102 device=ble:4D:02:A8:5E:1C:EF ts=1773497151984
DESKTOP_BLE 1773497153631 read success: mac=4D:02:A8:5E:1C:EF bpm=102
DESKTOP_REPO 1773497153631 emit bpm=102 device=ble:4D:02:A8:5E:1C:EF ts=1773497153631
DESKTOP_BLE 1773497155280 read success: mac=4D:02:A8:5E:1C:EF bpm=102
DESKTOP_REPO 1773497155281 emit bpm=102 device=ble:4D:02:A8:5E:1C:EF ts=1773497155280
DESKTOP_BLE 1773497156939 read success: mac=4D:02:A8:5E:1C:EF bpm=102
DESKTOP_REPO 1773497156940 emit bpm=102 device=ble:4D:02:A8:5E:1C:EF ts=1773497156940
DESKTOP_BLE 1773497158581 read success: mac=4D:02:A8:5E:1C:EF bpm=102
DESKTOP_REPO 1773497158582 emit bpm=102 device=ble:4D:02:A8:5E:1C:EF ts=1773497158582
DESKTOP_BLE 1773497160232 read success: mac=4D:02:A8:5E:1C:EF bpm=102
DESKTOP_REPO 1773497160233 emit bpm=102 device=ble:4D:02:A8:5E:1C:EF ts=1773497160232
DESKTOP_BLE 1773497161935 read success: mac=4D:02:A8:5E:1C:EF bpm=102
DESKTOP_REPO 1773497161936 emit bpm=102 device=ble:4D:02:A8:5E:1C:EF ts=1773497161936
DESKTOP_BLE 1773497163633 read success: mac=4D:02:A8:5E:1C:EF bpm=102
DESKTOP_REPO 1773497163634 emit bpm=102 device=ble:4D:02:A8:5E:1C:EF ts=1773497163634
DESKTOP_BLE 1773497165298 read success: mac=4D:02:A8:5E:1C:EF bpm=118
DESKTOP_REPO 1773497165299 emit bpm=118 device=ble:4D:02:A8:5E:1C:EF ts=1773497165299
DESKTOP_BLE 1773497166955 read success: mac=4D:02:A8:5E:1C:EF bpm=118
DESKTOP_REPO 1773497166955 emit bpm=118 device=ble:4D:02:A8:5E:1C:EF ts=1773497166955
DESKTOP_BLE 1773497168601 read success: mac=4D:02:A8:5E:1C:EF bpm=118
DESKTOP_REPO 1773497168602 emit bpm=118 device=ble:4D:02:A8:5E:1C:EF ts=1773497168601
DESKTOP_BLE 1773497170253 read success: mac=4D:02:A8:5E:1C:EF bpm=118
DESKTOP_REPO 1773497170254 emit bpm=118 device=ble:4D:02:A8:5E:1C:EF ts=1773497170254
DESKTOP_BLE 1773497171940 read success: mac=4D:02:A8:5E:1C:EF bpm=118
DESKTOP_REPO 1773497171941 emit bpm=118 device=ble:4D:02:A8:5E:1C:EF ts=1773497171941
DESKTOP_BLE 1773497173552 read success: mac=4D:02:A8:5E:1C:EF bpm=118
DESKTOP_REPO 1773497173552 emit bpm=118 device=ble:4D:02:A8:5E:1C:EF ts=1773497173552
DESKTOP_BLE 1773497175200 read success: mac=4D:02:A8:5E:1C:EF bpm=118
DESKTOP_REPO 1773497175201 emit bpm=118 device=ble:4D:02:A8:5E:1C:EF ts=1773497175201
DESKTOP_BLE 1773497176851 read success: mac=4D:02:A8:5E:1C:EF bpm=118
DESKTOP_REPO 1773497176852 emit bpm=118 device=ble:4D:02:A8:5E:1C:EF ts=1773497176852
DESKTOP_BLE 1773497178503 read success: mac=4D:02:A8:5E:1C:EF bpm=118
DESKTOP_REPO 1773497178504 emit bpm=118 device=ble:4D:02:A8:5E:1C:EF ts=1773497178503
DESKTOP_BLE 1773497180150 read success: mac=4D:02:A8:5E:1C:EF bpm=118
DESKTOP_REPO 1773497180151 emit bpm=118 device=ble:4D:02:A8:5E:1C:EF ts=1773497180151
DESKTOP_BLE 1773497181802 read success: mac=4D:02:A8:5E:1C:EF bpm=118
DESKTOP_REPO 1773497181802 emit bpm=118 device=ble:4D:02:A8:5E:1C:EF ts=1773497181802
DESKTOP_BLE 1773497183481 read success: mac=4D:02:A8:5E:1C:EF bpm=118
DESKTOP_REPO 1773497183482 emit bpm=118 device=ble:4D:02:A8:5E:1C:EF ts=1773497183482
DESKTOP_BLE 1773497185134 read success: mac=4D:02:A8:5E:1C:EF bpm=118
DESKTOP_REPO 1773497185135 emit bpm=118 device=ble:4D:02:A8:5E:1C:EF ts=1773497185134
DESKTOP_BLE 1773497186779 read success: mac=4D:02:A8:5E:1C:EF bpm=133
DESKTOP_REPO 1773497186780 emit bpm=133 device=ble:4D:02:A8:5E:1C:EF ts=1773497186780
DESKTOP_BLE 1773497188468 read success: mac=4D:02:A8:5E:1C:EF bpm=133
DESKTOP_REPO 1773497188469 emit bpm=133 device=ble:4D:02:A8:5E:1C:EF ts=1773497188468
DESKTOP_BLE 1773497190143 read success: mac=4D:02:A8:5E:1C:EF bpm=133
DESKTOP_REPO 1773497190144 emit bpm=133 device=ble:4D:02:A8:5E:1C:EF ts=1773497190144
DESKTOP_BLE 1773497191823 read success: mac=4D:02:A8:5E:1C:EF bpm=133
DESKTOP_REPO 1773497191824 emit bpm=133 device=ble:4D:02:A8:5E:1C:EF ts=1773497191824
DESKTOP_BLE 1773497193504 read success: mac=4D:02:A8:5E:1C:EF bpm=133
DESKTOP_REPO 1773497193505 emit bpm=133 device=ble:4D:02:A8:5E:1C:EF ts=1773497193505
DESKTOP_BLE 1773497195151 read success: mac=4D:02:A8:5E:1C:EF bpm=133
DESKTOP_REPO 1773497195152 emit bpm=133 device=ble:4D:02:A8:5E:1C:EF ts=1773497195152
DESKTOP_BLE 1773497196801 read success: mac=4D:02:A8:5E:1C:EF bpm=133
DESKTOP_REPO 1773497196802 emit bpm=133 device=ble:4D:02:A8:5E:1C:EF ts=1773497196802
DESKTOP_BLE 1773497198457 read success: mac=4D:02:A8:5E:1C:EF bpm=133
DESKTOP_REPO 1773497198457 emit bpm=133 device=ble:4D:02:A8:5E:1C:EF ts=1773497198457
DESKTOP_BLE 1773497200133 read success: mac=4D:02:A8:5E:1C:EF bpm=133
DESKTOP_REPO 1773497200133 emit bpm=133 device=ble:4D:02:A8:5E:1C:EF ts=1773497200133
DESKTOP_BLE 1773497201752 read success: mac=4D:02:A8:5E:1C:EF bpm=133
DESKTOP_REPO 1773497201752 emit bpm=133 device=ble:4D:02:A8:5E:1C:EF ts=1773497201752
DESKTOP_BLE 1773497203402 read success: mac=4D:02:A8:5E:1C:EF bpm=133
DESKTOP_REPO 1773497203402 emit bpm=133 device=ble:4D:02:A8:5E:1C:EF ts=1773497203402
DESKTOP_BLE 1773497205053 read success: mac=4D:02:A8:5E:1C:EF bpm=133
DESKTOP_REPO 1773497205054 emit bpm=133 device=ble:4D:02:A8:5E:1C:EF ts=1773497205053
DESKTOP_BLE 1773497206830 read success: mac=4D:02:A8:5E:1C:EF bpm=133
DESKTOP_REPO 1773497206831 emit bpm=133 device=ble:4D:02:A8:5E:1C:EF ts=1773497206831
DESKTOP_BLE 1773497208590 read success: mac=4D:02:A8:5E:1C:EF bpm=133
DESKTOP_REPO 1773497208591 emit bpm=133 device=ble:4D:02:A8:5E:1C:EF ts=1773497208591
DESKTOP_BLE 1773497210241 read success: mac=4D:02:A8:5E:1C:EF bpm=133
DESKTOP_REPO 1773497210242 emit bpm=133 device=ble:4D:02:A8:5E:1C:EF ts=1773497210242
DESKTOP_BLE 1773497211921 read success: mac=4D:02:A8:5E:1C:EF bpm=133
DESKTOP_REPO 1773497211922 emit bpm=133 device=ble:4D:02:A8:5E:1C:EF ts=1773497211921
DESKTOP_BLE 1773497213573 read success: mac=4D:02:A8:5E:1C:EF bpm=133
DESKTOP_REPO 1773497213573 emit bpm=133 device=ble:4D:02:A8:5E:1C:EF ts=1773497213573
DESKTOP_BLE 1773497215221 read success: mac=4D:02:A8:5E:1C:EF bpm=133
DESKTOP_REPO 1773497215222 emit bpm=133 device=ble:4D:02:A8:5E:1C:EF ts=1773497215222
DESKTOP_BLE 1773497216902 read success: mac=4D:02:A8:5E:1C:EF bpm=133
DESKTOP_REPO 1773497216903 emit bpm=133 device=ble:4D:02:A8:5E:1C:EF ts=1773497216902
DESKTOP_BLE 1773497218552 read success: mac=4D:02:A8:5E:1C:EF bpm=133
DESKTOP_REPO 1773497218552 emit bpm=133 device=ble:4D:02:A8:5E:1C:EF ts=1773497218552
DESKTOP_BLE 1773497220204 read success: mac=4D:02:A8:5E:1C:EF bpm=133
DESKTOP_REPO 1773497220204 emit bpm=133 device=ble:4D:02:A8:5E:1C:EF ts=1773497220204
DESKTOP_BLE 1773497221852 read success: mac=4D:02:A8:5E:1C:EF bpm=133
DESKTOP_REPO 1773497221853 emit bpm=133 device=ble:4D:02:A8:5E:1C:EF ts=1773497221852
DESKTOP_BLE 1773497223502 read success: mac=4D:02:A8:5E:1C:EF bpm=133
DESKTOP_REPO 1773497223503 emit bpm=133 device=ble:4D:02:A8:5E:1C:EF ts=1773497223502
DESKTOP_BLE 1773497225182 read success: mac=4D:02:A8:5E:1C:EF bpm=133
DESKTOP_REPO 1773497225183 emit bpm=133 device=ble:4D:02:A8:5E:1C:EF ts=1773497225182
DESKTOP_BLE 1773497226834 read success: mac=4D:02:A8:5E:1C:EF bpm=133
DESKTOP_REPO 1773497226835 emit bpm=133 device=ble:4D:02:A8:5E:1C:EF ts=1773497226835
DESKTOP_BLE 1773497228452 read success: mac=4D:02:A8:5E:1C:EF bpm=133
DESKTOP_REPO 1773497228453 emit bpm=133 device=ble:4D:02:A8:5E:1C:EF ts=1773497228453
DESKTOP_BLE 1773497230103 read success: mac=4D:02:A8:5E:1C:EF bpm=133
DESKTOP_REPO 1773497230103 emit bpm=133 device=ble:4D:02:A8:5E:1C:EF ts=1773497230103
DESKTOP_BLE 1773497231752 read success: mac=4D:02:A8:5E:1C:EF bpm=133
DESKTOP_REPO 1773497231753 emit bpm=133 device=ble:4D:02:A8:5E:1C:EF ts=1773497231753
DESKTOP_BLE 1773497233408 read success: mac=4D:02:A8:5E:1C:EF bpm=133
DESKTOP_REPO 1773497233409 emit bpm=133 device=ble:4D:02:A8:5E:1C:EF ts=1773497233409
DESKTOP_BLE 1773497235170 read success: mac=4D:02:A8:5E:1C:EF bpm=133
DESKTOP_REPO 1773497235170 emit bpm=133 device=ble:4D:02:A8:5E:1C:EF ts=1773497235170
DESKTOP_BLE 1773497236851 read success: mac=4D:02:A8:5E:1C:EF bpm=133
DESKTOP_REPO 1773497236852 emit bpm=133 device=ble:4D:02:A8:5E:1C:EF ts=1773497236852
DESKTOP_BLE 1773497238473 read success: mac=4D:02:A8:5E:1C:EF bpm=133
DESKTOP_REPO 1773497238474 emit bpm=133 device=ble:4D:02:A8:5E:1C:EF ts=1773497238474
DESKTOP_BLE 1773497240091 read success: mac=4D:02:A8:5E:1C:EF bpm=133
DESKTOP_REPO 1773497240091 emit bpm=133 device=ble:4D:02:A8:5E:1C:EF ts=1773497240091
DESKTOP_BLE 1773497241751 read success: mac=4D:02:A8:5E:1C:EF bpm=133
DESKTOP_REPO 1773497241752 emit bpm=133 device=ble:4D:02:A8:5E:1C:EF ts=1773497241752
DESKTOP_BLE 1773497243363 read success: mac=4D:02:A8:5E:1C:EF bpm=133
DESKTOP_REPO 1773497243364 emit bpm=133 device=ble:4D:02:A8:5E:1C:EF ts=1773497243364
DESKTOP_BLE 1773497245016 read success: mac=4D:02:A8:5E:1C:EF bpm=133
DESKTOP_REPO 1773497245016 emit bpm=133 device=ble:4D:02:A8:5E:1C:EF ts=1773497245016
DESKTOP_BLE 1773497246726 read success: mac=4D:02:A8:5E:1C:EF bpm=133
DESKTOP_REPO 1773497246727 emit bpm=133 device=ble:4D:02:A8:5E:1C:EF ts=1773497246727
DESKTOP_BLE 1773497248403 read success: mac=4D:02:A8:5E:1C:EF bpm=133
DESKTOP_REPO 1773497248404 emit bpm=133 device=ble:4D:02:A8:5E:1C:EF ts=1773497248404
DESKTOP_BLE 1773497250055 read success: mac=4D:02:A8:5E:1C:EF bpm=133
DESKTOP_REPO 1773497250056 emit bpm=133 device=ble:4D:02:A8:5E:1C:EF ts=1773497250056
DESKTOP_BLE 1773497251794 read success: mac=4D:02:A8:5E:1C:EF bpm=133
DESKTOP_REPO 1773497251795 emit bpm=133 device=ble:4D:02:A8:5E:1C:EF ts=1773497251794
DESKTOP_BLE 1773497253482 read success: mac=4D:02:A8:5E:1C:EF bpm=133
DESKTOP_REPO 1773497253483 emit bpm=133 device=ble:4D:02:A8:5E:1C:EF ts=1773497253483
DESKTOP_BLE 1773497255156 read success: mac=4D:02:A8:5E:1C:EF bpm=133
DESKTOP_REPO 1773497255157 emit bpm=133 device=ble:4D:02:A8:5E:1C:EF ts=1773497255157
DESKTOP_BLE 1773497256928 read success: mac=4D:02:A8:5E:1C:EF bpm=133
DESKTOP_REPO 1773497256929 emit bpm=133 device=ble:4D:02:A8:5E:1C:EF ts=1773497256929
DESKTOP_BLE 1773497258576 read success: mac=4D:02:A8:5E:1C:EF bpm=133
DESKTOP_REPO 1773497258577 emit bpm=133 device=ble:4D:02:A8:5E:1C:EF ts=1773497258577
DESKTOP_BLE 1773497260256 read success: mac=4D:02:A8:5E:1C:EF bpm=133
DESKTOP_REPO 1773497260257 emit bpm=133 device=ble:4D:02:A8:5E:1C:EF ts=1773497260256
DESKTOP_BLE 1773497261906 read success: mac=4D:02:A8:5E:1C:EF bpm=133
DESKTOP_REPO 1773497261907 emit bpm=133 device=ble:4D:02:A8:5E:1C:EF ts=1773497261906
DESKTOP_BLE 1773497263523 read success: mac=4D:02:A8:5E:1C:EF bpm=133
DESKTOP_REPO 1773497263524 emit bpm=133 device=ble:4D:02:A8:5E:1C:EF ts=1773497263524
DESKTOP_BLE 1773497265144 read success: mac=4D:02:A8:5E:1C:EF bpm=133
DESKTOP_REPO 1773497265145 emit bpm=133 device=ble:4D:02:A8:5E:1C:EF ts=1773497265145
DESKTOP_BLE 1773497266764 read success: mac=4D:02:A8:5E:1C:EF bpm=133
DESKTOP_REPO 1773497266764 emit bpm=133 device=ble:4D:02:A8:5E:1C:EF ts=1773497266764
DESKTOP_BLE 1773497268382 read success: mac=4D:02:A8:5E:1C:EF bpm=133
DESKTOP_REPO 1773497268383 emit bpm=133 device=ble:4D:02:A8:5E:1C:EF ts=1773497268383
DESKTOP_BLE 1773497270035 read success: mac=4D:02:A8:5E:1C:EF bpm=133
DESKTOP_REPO 1773497270035 emit bpm=133 device=ble:4D:02:A8:5E:1C:EF ts=1773497270035
DESKTOP_BLE 1773497271748 read success: mac=4D:02:A8:5E:1C:EF bpm=133
DESKTOP_REPO 1773497271749 emit bpm=133 device=ble:4D:02:A8:5E:1C:EF ts=1773497271748
DESKTOP_BLE 1773497273427 read success: mac=4D:02:A8:5E:1C:EF bpm=133
DESKTOP_REPO 1773497273427 emit bpm=133 device=ble:4D:02:A8:5E:1C:EF ts=1773497273427
DESKTOP_BLE 1773497275075 read success: mac=4D:02:A8:5E:1C:EF bpm=133
DESKTOP_REPO 1773497275075 emit bpm=133 device=ble:4D:02:A8:5E:1C:EF ts=1773497275075
DESKTOP_BLE 1773497276723 read success: mac=4D:02:A8:5E:1C:EF bpm=133
DESKTOP_REPO 1773497276724 emit bpm=133 device=ble:4D:02:A8:5E:1C:EF ts=1773497276724
DESKTOP_BLE 1773497278374 read success: mac=4D:02:A8:5E:1C:EF bpm=133
DESKTOP_REPO 1773497278375 emit bpm=133 device=ble:4D:02:A8:5E:1C:EF ts=1773497278375
DESKTOP_BLE 1773497280057 read success: mac=4D:02:A8:5E:1C:EF bpm=133
DESKTOP_REPO 1773497280057 emit bpm=133 device=ble:4D:02:A8:5E:1C:EF ts=1773497280057
DESKTOP_BLE 1773497281739 read success: mac=4D:02:A8:5E:1C:EF bpm=133
DESKTOP_REPO 1773497281740 emit bpm=133 device=ble:4D:02:A8:5E:1C:EF ts=1773497281740
DESKTOP_BLE 1773497283387 read success: mac=4D:02:A8:5E:1C:EF bpm=133
DESKTOP_REPO 1773497283387 emit bpm=133 device=ble:4D:02:A8:5E:1C:EF ts=1773497283387
DESKTOP_BLE 1773497285038 read success: mac=4D:02:A8:5E:1C:EF bpm=133
DESKTOP_REPO 1773497285040 emit bpm=133 device=ble:4D:02:A8:5E:1C:EF ts=1773497285039
DESKTOP_BLE 1773497286714 read success: mac=4D:02:A8:5E:1C:EF bpm=133
DESKTOP_REPO 1773497286715 emit bpm=133 device=ble:4D:02:A8:5E:1C:EF ts=1773497286715
DESKTOP_BLE 1773497288487 read success: mac=4D:02:A8:5E:1C:EF bpm=133
DESKTOP_REPO 1773497288487 emit bpm=133 device=ble:4D:02:A8:5E:1C:EF ts=1773497288487
DESKTOP_BLE 1773497290134 read success: mac=4D:02:A8:5E:1C:EF bpm=133
DESKTOP_REPO 1773497290135 emit bpm=133 device=ble:4D:02:A8:5E:1C:EF ts=1773497290135
DESKTOP_BLE 1773497291788 read success: mac=4D:02:A8:5E:1C:EF bpm=133
DESKTOP_REPO 1773497291789 emit bpm=133 device=ble:4D:02:A8:5E:1C:EF ts=1773497291789
DESKTOP_BLE 1773497293465 read success: mac=4D:02:A8:5E:1C:EF bpm=133
DESKTOP_REPO 1773497293466 emit bpm=133 device=ble:4D:02:A8:5E:1C:EF ts=1773497293465
DESKTOP_BLE 1773497295115 read success: mac=4D:02:A8:5E:1C:EF bpm=133
DESKTOP_REPO 1773497295116 emit bpm=133 device=ble:4D:02:A8:5E:1C:EF ts=1773497295116
DESKTOP_BLE 1773497296765 read success: mac=4D:02:A8:5E:1C:EF bpm=133
DESKTOP_REPO 1773497296766 emit bpm=133 device=ble:4D:02:A8:5E:1C:EF ts=1773497296765
DESKTOP_BLE 1773497298415 read success: mac=4D:02:A8:5E:1C:EF bpm=133
DESKTOP_REPO 1773497298415 emit bpm=133 device=ble:4D:02:A8:5E:1C:EF ts=1773497298415
DESKTOP_BLE 1773497300096 read success: mac=4D:02:A8:5E:1C:EF bpm=133
DESKTOP_REPO 1773497300097 emit bpm=133 device=ble:4D:02:A8:5E:1C:EF ts=1773497300097
DESKTOP_BLE 1773497301744 read success: mac=4D:02:A8:5E:1C:EF bpm=133
DESKTOP_REPO 1773497301746 emit bpm=133 device=ble:4D:02:A8:5E:1C:EF ts=1773497301746
DESKTOP_BLE 1773497303395 read success: mac=4D:02:A8:5E:1C:EF bpm=133
DESKTOP_REPO 1773497303395 emit bpm=133 device=ble:4D:02:A8:5E:1C:EF ts=1773497303395
DESKTOP_BLE 1773497305045 read success: mac=4D:02:A8:5E:1C:EF bpm=133
DESKTOP_REPO 1773497305046 emit bpm=133 device=ble:4D:02:A8:5E:1C:EF ts=1773497305045
DESKTOP_BLE 1773497306695 read success: mac=4D:02:A8:5E:1C:EF bpm=133
DESKTOP_REPO 1773497306696 emit bpm=133 device=ble:4D:02:A8:5E:1C:EF ts=1773497306696
DESKTOP_BLE 1773497308346 read success: mac=4D:02:A8:5E:1C:EF bpm=133
DESKTOP_REPO 1773497308347 emit bpm=133 device=ble:4D:02:A8:5E:1C:EF ts=1773497308347
DESKTOP_BLE 1773497310027 read success: mac=4D:02:A8:5E:1C:EF bpm=133
DESKTOP_REPO 1773497310028 emit bpm=133 device=ble:4D:02:A8:5E:1C:EF ts=1773497310028
DESKTOP_BLE 1773497311705 read success: mac=4D:02:A8:5E:1C:EF bpm=133
DESKTOP_REPO 1773497311706 emit bpm=133 device=ble:4D:02:A8:5E:1C:EF ts=1773497311706
DESKTOP_BLE 1773497313385 read success: mac=4D:02:A8:5E:1C:EF bpm=133
DESKTOP_REPO 1773497313386 emit bpm=133 device=ble:4D:02:A8:5E:1C:EF ts=1773497313386
DESKTOP_BLE 1773497315044 read success: mac=4D:02:A8:5E:1C:EF bpm=133
DESKTOP_REPO 1773497315045 emit bpm=133 device=ble:4D:02:A8:5E:1C:EF ts=1773497315044
DESKTOP_BLE 1773497316722 read success: mac=4D:02:A8:5E:1C:EF bpm=133
DESKTOP_REPO 1773497316723 emit bpm=133 device=ble:4D:02:A8:5E:1C:EF ts=1773497316723
DESKTOP_BLE 1773497318408 read success: mac=4D:02:A8:5E:1C:EF bpm=133
DESKTOP_REPO 1773497318409 emit bpm=133 device=ble:4D:02:A8:5E:1C:EF ts=1773497318409
DESKTOP_BLE 1773497320075 read success: mac=4D:02:A8:5E:1C:EF bpm=133
DESKTOP_REPO 1773497320076 emit bpm=133 device=ble:4D:02:A8:5E:1C:EF ts=1773497320076
DESKTOP_BLE 1773497321788 read success: mac=4D:02:A8:5E:1C:EF bpm=133
DESKTOP_REPO 1773497321789 emit bpm=133 device=ble:4D:02:A8:5E:1C:EF ts=1773497321789
DESKTOP_BLE 1773497323526 read success: mac=4D:02:A8:5E:1C:EF bpm=133
DESKTOP_REPO 1773497323527 emit bpm=133 device=ble:4D:02:A8:5E:1C:EF ts=1773497323527
DESKTOP_BLE 1773497325175 read success: mac=4D:02:A8:5E:1C:EF bpm=133
DESKTOP_REPO 1773497325176 emit bpm=133 device=ble:4D:02:A8:5E:1C:EF ts=1773497325176
DESKTOP_BLE 1773497326824 read success: mac=4D:02:A8:5E:1C:EF bpm=133
DESKTOP_REPO 1773497326825 emit bpm=133 device=ble:4D:02:A8:5E:1C:EF ts=1773497326825
DESKTOP_BLE 1773497328476 read success: mac=4D:02:A8:5E:1C:EF bpm=133
DESKTOP_REPO 1773497328477 emit bpm=133 device=ble:4D:02:A8:5E:1C:EF ts=1773497328477
DESKTOP_BLE 1773497330159 read success: mac=4D:02:A8:5E:1C:EF bpm=133
DESKTOP_REPO 1773497330160 emit bpm=133 device=ble:4D:02:A8:5E:1C:EF ts=1773497330160
DESKTOP_BLE 1773497331809 read success: mac=4D:02:A8:5E:1C:EF bpm=133
DESKTOP_REPO 1773497331809 emit bpm=133 device=ble:4D:02:A8:5E:1C:EF ts=1773497331809
DESKTOP_BLE 1773497333517 read success: mac=4D:02:A8:5E:1C:EF bpm=133
DESKTOP_REPO 1773497333517 emit bpm=133 device=ble:4D:02:A8:5E:1C:EF ts=1773497333517
DESKTOP_BLE 1773497335195 read success: mac=4D:02:A8:5E:1C:EF bpm=133
DESKTOP_REPO 1773497335196 emit bpm=133 device=ble:4D:02:A8:5E:1C:EF ts=1773497335196
DESKTOP_BLE 1773497336877 read success: mac=4D:02:A8:5E:1C:EF bpm=133
DESKTOP_REPO 1773497336878 emit bpm=133 device=ble:4D:02:A8:5E:1C:EF ts=1773497336878
DESKTOP_BLE 1773497338497 read success: mac=4D:02:A8:5E:1C:EF bpm=133
DESKTOP_REPO 1773497338498 emit bpm=133 device=ble:4D:02:A8:5E:1C:EF ts=1773497338498
DESKTOP_BLE 1773497340116 read success: mac=4D:02:A8:5E:1C:EF bpm=133
DESKTOP_REPO 1773497340117 emit bpm=133 device=ble:4D:02:A8:5E:1C:EF ts=1773497340117
DESKTOP_BLE 1773497341767 read success: mac=4D:02:A8:5E:1C:EF bpm=133
DESKTOP_REPO 1773497341768 emit bpm=133 device=ble:4D:02:A8:5E:1C:EF ts=1773497341768
DESKTOP_BLE 1773497343419 read success: mac=4D:02:A8:5E:1C:EF bpm=133
DESKTOP_REPO 1773497343419 emit bpm=133 device=ble:4D:02:A8:5E:1C:EF ts=1773497343419
DESKTOP_BLE 1773497345065 read success: mac=4D:02:A8:5E:1C:EF bpm=133
DESKTOP_REPO 1773497345066 emit bpm=133 device=ble:4D:02:A8:5E:1C:EF ts=1773497345066
DESKTOP_BLE 1773497346721 read success: mac=4D:02:A8:5E:1C:EF bpm=133
DESKTOP_REPO 1773497346721 emit bpm=133 device=ble:4D:02:A8:5E:1C:EF ts=1773497346721
DESKTOP_BLE 1773497348395 read success: mac=4D:02:A8:5E:1C:EF bpm=133
DESKTOP_REPO 1773497348395 emit bpm=133 device=ble:4D:02:A8:5E:1C:EF ts=1773497348395
DESKTOP_BLE 1773497350018 read success: mac=4D:02:A8:5E:1C:EF bpm=133
DESKTOP_REPO 1773497350019 emit bpm=133 device=ble:4D:02:A8:5E:1C:EF ts=1773497350019
DESKTOP_BLE 1773497351668 read success: mac=4D:02:A8:5E:1C:EF bpm=133
DESKTOP_REPO 1773497351669 emit bpm=133 device=ble:4D:02:A8:5E:1C:EF ts=1773497351669
DESKTOP_BLE 1773497353352 read success: mac=4D:02:A8:5E:1C:EF bpm=133
DESKTOP_REPO 1773497353353 emit bpm=133 device=ble:4D:02:A8:5E:1C:EF ts=1773497353353
DESKTOP_BLE 1773497354997 read success: mac=4D:02:A8:5E:1C:EF bpm=133
DESKTOP_REPO 1773497354997 emit bpm=133 device=ble:4D:02:A8:5E:1C:EF ts=1773497354997
DESKTOP_BLE 1773497356647 read success: mac=4D:02:A8:5E:1C:EF bpm=133
DESKTOP_REPO 1773497356648 emit bpm=133 device=ble:4D:02:A8:5E:1C:EF ts=1773497356648
DESKTOP_BLE 1773497358266 read success: mac=4D:02:A8:5E:1C:EF bpm=133
DESKTOP_REPO 1773497358267 emit bpm=133 device=ble:4D:02:A8:5E:1C:EF ts=1773497358267
DESKTOP_BLE 1773497359887 read success: mac=4D:02:A8:5E:1C:EF bpm=133
DESKTOP_REPO 1773497359888 emit bpm=133 device=ble:4D:02:A8:5E:1C:EF ts=1773497359888
DESKTOP_BLE 1773497361626 read success: mac=4D:02:A8:5E:1C:EF bpm=133
DESKTOP_REPO 1773497361628 emit bpm=133 device=ble:4D:02:A8:5E:1C:EF ts=1773497361628
DESKTOP_BLE 1773497363372 read success: mac=4D:02:A8:5E:1C:EF bpm=133
DESKTOP_REPO 1773497363372 emit bpm=133 device=ble:4D:02:A8:5E:1C:EF ts=1773497363372
DESKTOP_BLE 1773497365021 read success: mac=4D:02:A8:5E:1C:EF bpm=133
DESKTOP_REPO 1773497365021 emit bpm=133 device=ble:4D:02:A8:5E:1C:EF ts=1773497365021
DESKTOP_BLE 1773497366667 read success: mac=4D:02:A8:5E:1C:EF bpm=133
DESKTOP_REPO 1773497366668 emit bpm=133 device=ble:4D:02:A8:5E:1C:EF ts=1773497366668
DESKTOP_BLE 1773497368317 read success: mac=4D:02:A8:5E:1C:EF bpm=133
DESKTOP_REPO 1773497368318 emit bpm=133 device=ble:4D:02:A8:5E:1C:EF ts=1773497368318
DESKTOP_BLE 1773497369939 read success: mac=4D:02:A8:5E:1C:EF bpm=133
DESKTOP_REPO 1773497369940 emit bpm=133 device=ble:4D:02:A8:5E:1C:EF ts=1773497369940
DESKTOP_BLE 1773497371616 read success: mac=4D:02:A8:5E:1C:EF bpm=133
DESKTOP_REPO 1773497371616 emit bpm=133 device=ble:4D:02:A8:5E:1C:EF ts=1773497371616
DESKTOP_BLE 1773497373302 read success: mac=4D:02:A8:5E:1C:EF bpm=133
DESKTOP_REPO 1773497373303 emit bpm=133 device=ble:4D:02:A8:5E:1C:EF ts=1773497373303
DESKTOP_BLE 1773497374978 read success: mac=4D:02:A8:5E:1C:EF bpm=133
DESKTOP_REPO 1773497374979 emit bpm=133 device=ble:4D:02:A8:5E:1C:EF ts=1773497374979
DESKTOP_BLE 1773497376658 read success: mac=4D:02:A8:5E:1C:EF bpm=133
DESKTOP_REPO 1773497376658 emit bpm=133 device=ble:4D:02:A8:5E:1C:EF ts=1773497376658
DESKTOP_BLE 1773497378276 read success: mac=4D:02:A8:5E:1C:EF bpm=133
DESKTOP_REPO 1773497378276 emit bpm=133 device=ble:4D:02:A8:5E:1C:EF ts=1773497378276
DESKTOP_BLE 1773497379944 read success: mac=4D:02:A8:5E:1C:EF bpm=133
DESKTOP_REPO 1773497379945 emit bpm=133 device=ble:4D:02:A8:5E:1C:EF ts=1773497379945
DESKTOP_BLE 1773497381609 read success: mac=4D:02:A8:5E:1C:EF bpm=133
DESKTOP_REPO 1773497381609 emit bpm=133 device=ble:4D:02:A8:5E:1C:EF ts=1773497381609
DESKTOP_BLE 1773497383290 read success: mac=4D:02:A8:5E:1C:EF bpm=133
DESKTOP_REPO 1773497383291 emit bpm=133 device=ble:4D:02:A8:5E:1C:EF ts=1773497383290
DESKTOP_BLE 1773497384938 read success: mac=4D:02:A8:5E:1C:EF bpm=133
DESKTOP_REPO 1773497384939 emit bpm=133 device=ble:4D:02:A8:5E:1C:EF ts=1773497384939
DESKTOP_BLE 1773497386558 read success: mac=4D:02:A8:5E:1C:EF bpm=133
DESKTOP_REPO 1773497386559 emit bpm=133 device=ble:4D:02:A8:5E:1C:EF ts=1773497386559
DESKTOP_BLE 1773497388208 read success: mac=4D:02:A8:5E:1C:EF bpm=133
DESKTOP_REPO 1773497388209 emit bpm=133 device=ble:4D:02:A8:5E:1C:EF ts=1773497388209
DESKTOP_BLE 1773497389831 read success: mac=4D:02:A8:5E:1C:EF bpm=133
DESKTOP_REPO 1773497389832 emit bpm=133 device=ble:4D:02:A8:5E:1C:EF ts=1773497389832
DESKTOP_BLE 1773497391540 read success: mac=4D:02:A8:5E:1C:EF bpm=133
DESKTOP_REPO 1773497391540 emit bpm=133 device=ble:4D:02:A8:5E:1C:EF ts=1773497391540
DESKTOP_BLE 1773497393188 read success: mac=4D:02:A8:5E:1C:EF bpm=133
DESKTOP_REPO 1773497393189 emit bpm=133 device=ble:4D:02:A8:5E:1C:EF ts=1773497393189
DESKTOP_BLE 1773497394993 read success: mac=4D:02:A8:5E:1C:EF bpm=133
DESKTOP_REPO 1773497394994 emit bpm=133 device=ble:4D:02:A8:5E:1C:EF ts=1773497394994
DESKTOP_BLE 1773497396730 read success: mac=4D:02:A8:5E:1C:EF bpm=133
DESKTOP_REPO 1773497396731 emit bpm=133 device=ble:4D:02:A8:5E:1C:EF ts=1773497396731
DESKTOP_BLE 1773497398413 read success: mac=4D:02:A8:5E:1C:EF bpm=133
DESKTOP_REPO 1773497398414 emit bpm=133 device=ble:4D:02:A8:5E:1C:EF ts=1773497398413
DESKTOP_BLE 1773497400059 read success: mac=4D:02:A8:5E:1C:EF bpm=133
DESKTOP_REPO 1773497400060 emit bpm=133 device=ble:4D:02:A8:5E:1C:EF ts=1773497400060
DESKTOP_BLE 1773497401708 read success: mac=4D:02:A8:5E:1C:EF bpm=133
DESKTOP_REPO 1773497401708 emit bpm=133 device=ble:4D:02:A8:5E:1C:EF ts=1773497401708
DESKTOP_BLE 1773497403386 read success: mac=4D:02:A8:5E:1C:EF bpm=133
DESKTOP_REPO 1773497403387 emit bpm=133 device=ble:4D:02:A8:5E:1C:EF ts=1773497403387
DESKTOP_BLE 1773497405010 read success: mac=4D:02:A8:5E:1C:EF bpm=133
DESKTOP_REPO 1773497405010 emit bpm=133 device=ble:4D:02:A8:5E:1C:EF ts=1773497405010
DESKTOP_BLE 1773497406664 read success: mac=4D:02:A8:5E:1C:EF bpm=133
DESKTOP_REPO 1773497406665 emit bpm=133 device=ble:4D:02:A8:5E:1C:EF ts=1773497406665
DESKTOP_BLE 1773497408307 read success: mac=4D:02:A8:5E:1C:EF bpm=133
DESKTOP_REPO 1773497408308 emit bpm=133 device=ble:4D:02:A8:5E:1C:EF ts=1773497408308
DESKTOP_BLE 1773497409957 read success: mac=4D:02:A8:5E:1C:EF bpm=133
DESKTOP_REPO 1773497409958 emit bpm=133 device=ble:4D:02:A8:5E:1C:EF ts=1773497409958
DESKTOP_BLE 1773497411576 read success: mac=4D:02:A8:5E:1C:EF bpm=133
DESKTOP_REPO 1773497411577 emit bpm=133 device=ble:4D:02:A8:5E:1C:EF ts=1773497411577
DESKTOP_BLE 1773497413227 read success: mac=4D:02:A8:5E:1C:EF bpm=133
DESKTOP_REPO 1773497413227 emit bpm=133 device=ble:4D:02:A8:5E:1C:EF ts=1773497413227
DESKTOP_BLE 1773497414848 read success: mac=4D:02:A8:5E:1C:EF bpm=133
DESKTOP_REPO 1773497414849 emit bpm=133 device=ble:4D:02:A8:5E:1C:EF ts=1773497414849
DESKTOP_BLE 1773497416470 read success: mac=4D:02:A8:5E:1C:EF bpm=133
DESKTOP_REPO 1773497416470 emit bpm=133 device=ble:4D:02:A8:5E:1C:EF ts=1773497416470
DESKTOP_BLE 1773497418117 read success: mac=4D:02:A8:5E:1C:EF bpm=133
DESKTOP_REPO 1773497418118 emit bpm=133 device=ble:4D:02:A8:5E:1C:EF ts=1773497418118
DESKTOP_BLE 1773497419798 read success: mac=4D:02:A8:5E:1C:EF bpm=133
DESKTOP_REPO 1773497419799 emit bpm=133 device=ble:4D:02:A8:5E:1C:EF ts=1773497419799
DESKTOP_BLE 1773497421420 read success: mac=4D:02:A8:5E:1C:EF bpm=133
DESKTOP_REPO 1773497421421 emit bpm=133 device=ble:4D:02:A8:5E:1C:EF ts=1773497421421
DESKTOP_BLE 1773497423097 read success: mac=4D:02:A8:5E:1C:EF bpm=133
DESKTOP_REPO 1773497423097 emit bpm=133 device=ble:4D:02:A8:5E:1C:EF ts=1773497423097
DESKTOP_BLE 1773497424746 read success: mac=4D:02:A8:5E:1C:EF bpm=133
DESKTOP_REPO 1773497424747 emit bpm=133 device=ble:4D:02:A8:5E:1C:EF ts=1773497424747
DESKTOP_BLE 1773497426379 read success: mac=4D:02:A8:5E:1C:EF bpm=133
DESKTOP_REPO 1773497426379 emit bpm=133 device=ble:4D:02:A8:5E:1C:EF ts=1773497426379
DESKTOP_BLE 1773497428050 read success: mac=4D:02:A8:5E:1C:EF bpm=133
DESKTOP_REPO 1773497428050 emit bpm=133 device=ble:4D:02:A8:5E:1C:EF ts=1773497428050
DESKTOP_BLE 1773497429788 read success: mac=4D:02:A8:5E:1C:EF bpm=133
DESKTOP_REPO 1773497429789 emit bpm=133 device=ble:4D:02:A8:5E:1C:EF ts=1773497429789
DESKTOP_BLE 1773497431467 read success: mac=4D:02:A8:5E:1C:EF bpm=133
DESKTOP_REPO 1773497431468 emit bpm=133 device=ble:4D:02:A8:5E:1C:EF ts=1773497431468
DESKTOP_BLE 1773497433116 read success: mac=4D:02:A8:5E:1C:EF bpm=133
DESKTOP_REPO 1773497433117 emit bpm=133 device=ble:4D:02:A8:5E:1C:EF ts=1773497433117
DESKTOP_BLE 1773497434768 read success: mac=4D:02:A8:5E:1C:EF bpm=133
DESKTOP_REPO 1773497434769 emit bpm=133 device=ble:4D:02:A8:5E:1C:EF ts=1773497434769
DESKTOP_BLE 1773497436419 read success: mac=4D:02:A8:5E:1C:EF bpm=133
DESKTOP_REPO 1773497436419 emit bpm=133 device=ble:4D:02:A8:5E:1C:EF ts=1773497436419
DESKTOP_BLE 1773497438037 read success: mac=4D:02:A8:5E:1C:EF bpm=133
DESKTOP_REPO 1773497438038 emit bpm=133 device=ble:4D:02:A8:5E:1C:EF ts=1773497438038
DESKTOP_BLE 1773497439688 read success: mac=4D:02:A8:5E:1C:EF bpm=133
DESKTOP_REPO 1773497439688 emit bpm=133 device=ble:4D:02:A8:5E:1C:EF ts=1773497439688
